'cardano-node' 'run' '--config' 'private-testnet/configuration.yaml' '--topology' 'private-testnet/node-bft2/topology.json' '--database-path' 'private-testnet/node-bft2/db' '--socket-path' 'private-testnet/node-bft2/node.sock' '--shelley-kes-key' 'private-testnet/node-bft2/shelley/kes.skey' '--shelley-vrf-key' 'private-testnet/node-bft2/shelley/vrf.skey' '--shelley-operational-certificate' 'private-testnet/node-bft2/shelley/node.cert' '--port' '3002' '--delegation-certificate' 'private-testnet/node-bft2/byron/delegate.cert' '--signing-key' 'private-testnet/node-bft2/byron/delegate.key' +RTS '-T' '-I0' '-A16m' '-N2' '--disable-delayed-os-memory-return' '-N8' '--disable-delayed-os-memory-return' '-I0.3' '-Iw600' '-A16m' '-F1.5' '-H2500M' '-T' '-t' '--machine-readable' '-Sghc-rts-node-bft2.log' 
    Alloc    Copied     Live     GC     GC      TOT      TOT  Page Flts
    bytes     bytes     bytes   user   elap     user     elap
123331856    993952   2220880  0.014  0.678    4.303   10.871    0    0  (Gen:  0)
1273013248   1226280   2667624  0.022  0.006    6.107  184.343    0    0  (Gen:  1)
1267366224    602648   3026688  0.007  0.002    7.846  352.946    0    0  (Gen:  0)
1283983664    710456   3718648  0.009  0.002    9.595  527.354    0    0  (Gen:  0)
1294656944   1404376   2941480  0.018  0.004   11.375  704.356    0    0  (Gen:  1)
1278461976    550992   3078864  0.009  0.002   13.130  875.764    0    0  (Gen:  0)
1314551400    599176   3355808  0.010  0.002   14.891 1055.772    0    0  (Gen:  0)
1266541296    699672   3803416  0.009  0.002   16.612 1225.197    0    0  (Gen:  0)
1249742072    841200   4706328  0.009  0.002   18.333 1390.204    0    0  (Gen:  0)
1311674400    765912   4859840  0.010  0.002   20.129 1570.608    0    0  (Gen:  0)
1220186312   1726184   3378104  0.016  0.003   21.826 1730.224    0    0  (Gen:  1)
1272149584    505992   3539328  0.009  0.002   23.563 1901.229    0    0  (Gen:  0)
1297439744    532008   3622440  0.009  0.002   25.405 2077.232    0    0  (Gen:  0)
1320548648    599600   4070520  0.009  0.002   27.267 2261.246    0    0  (Gen:  0)
