'cardano-node' 'run' '--config' 'private-testnet/configuration.yaml' '--topology' 'private-testnet/node-bft1/topology.json' '--database-path' 'private-testnet/node-bft1/db' '--socket-path' 'private-testnet/node-bft1/node.sock' '--shelley-kes-key' 'private-testnet/node-bft1/shelley/kes.skey' '--shelley-vrf-key' 'private-testnet/node-bft1/shelley/vrf.skey' '--shelley-operational-certificate' 'private-testnet/node-bft1/shelley/node.cert' '--port' '3001' '--delegation-certificate' 'private-testnet/node-bft1/byron/delegate.cert' '--signing-key' 'private-testnet/node-bft1/byron/delegate.key' +RTS '-T' '-I0' '-A16m' '-N2' '--disable-delayed-os-memory-return' '-N8' '--disable-delayed-os-memory-return' '-I0.3' '-Iw600' '-A16m' '-F1.5' '-H2500M' '-T' '-t' '--machine-readable' '-Sghc-rts-node-bft1.log' 
    Alloc    Copied     Live     GC     GC      TOT      TOT  Page Flts
    bytes     bytes     bytes   user   elap     user     elap
123018584   1023440   2072592  0.023  0.626    4.032   10.619    0    0  (Gen:  0)
1236571600   1267376   2765704  0.026  0.006    5.790  178.751    0    0  (Gen:  1)
1242574624    605248   2907000  0.009  0.002    7.494  344.345    0    0  (Gen:  0)
1278390336    648880   3593200  0.009  0.002    9.224  517.226    0    0  (Gen:  0)
1244331160    695024   3789824  0.006  0.002   10.944  687.552    0    0  (Gen:  0)
1276430256   1509048   3115224  0.017  0.003   12.754  858.765    0    0  (Gen:  1)
1309409264    689056   3688856  0.009  0.002   14.505 1037.167    0    0  (Gen:  0)
1284103688    887224   4472280  0.011  0.002   16.220 1210.190    0    0  (Gen:  0)
1257516608    765864   5079296  0.007  0.002   17.962 1375.808    0    0  (Gen:  0)
1232747176   1686904   3247912  0.019  0.003   19.663 1543.211    0    0  (Gen:  1)
1183746384    668984   3852800  0.009  0.002   21.297 1698.815    0    0  (Gen:  0)
1207914280    594560   4022440  0.009  0.002   22.945 1860.628    0    0  (Gen:  0)
567192456    554944   4730280  0.005  0.001   23.725 1933.027    0    0  (Gen:  0)
 49411512   1314312   3270072  0.011  0.002   23.791 1933.112    0    0  (Gen:  1)
 46098968    282264   3467888  0.002  0.001   23.835 1933.182    0    0  (Gen:  0)
 49968792    253472   3499704  0.002  0.001   23.885 1933.269    0    0  (Gen:  0)
1103143168    682928   4935904  0.006  0.002   25.426 2077.239    0    0  (Gen:  0)
1265621792    853328   5753712  0.010  0.002   27.185 2250.249    0    0  (Gen:  0)
