'cardano-node' 'run' '--config' 'private-testnet/configuration.yaml' '--topology' 'private-testnet/node-pool1/topology.json' '--database-path' 'private-testnet/node-pool1/db' '--socket-path' 'private-testnet/node-pool1/node.sock' '--shelley-kes-key' 'private-testnet/node-pool1/shelley/kes.skey' '--shelley-vrf-key' 'private-testnet/node-pool1/shelley/vrf.skey' '--shelley-operational-certificate' 'private-testnet/node-pool1/shelley/node.cert' '--port' '3003' +RTS '-T' '-I0' '-A16m' '-N2' '--disable-delayed-os-memory-return' '-N8' '--disable-delayed-os-memory-return' '-I0.3' '-Iw600' '-A16m' '-F1.5' '-H2500M' '-T' '-t' '--machine-readable' '-Sghc-rts-node-pool1.log' 
    Alloc    Copied     Live     GC     GC      TOT      TOT  Page Flts
    bytes     bytes     bytes   user   elap     user     elap
125003408    992368   2211624  0.013  0.736    5.001   11.329    0    0  (Gen:  0)
1289752592   1230320   2669704  0.030  0.006    6.831  187.348    0    0  (Gen:  1)
1274097064    616992   3056472  0.009  0.002    8.544  355.749    0    0  (Gen:  0)
1279899064    607968   3318112  0.008  0.002   10.253  529.155    0    0  (Gen:  0)
1308163056    579944   3539552  0.008  0.002   12.030  707.952    0    0  (Gen:  0)
1285155272   1468312   3046616  0.016  0.003   13.776  879.961    0    0  (Gen:  1)
1300629920    691296   3705232  0.008  0.001   15.484 1058.776    0    0  (Gen:  0)
1280976224    794208   4036320  0.009  0.002   17.206 1230.192    0    0  (Gen:  0)
1243639560    717152   4439856  0.009  0.002   18.915 1393.003    0    0  (Gen:  0)
1305989672   1642704   3217576  0.019  0.004   20.706 1573.019    0    0  (Gen:  1)
1231140680    594888   3492208  0.011  0.002   22.385 1733.225    0    0  (Gen:  0)
1278187800    513568   3633384  0.009  0.002   24.113 1904.628    0    0  (Gen:  0)
1300729920    565216   3955416  0.008  0.002   25.923 2081.639    0    0  (Gen:  0)
1322526016    670648   4475208  0.009  0.002   27.767 2267.452    0    0  (Gen:  0)
